~~~ Affichage sans couleurs ~~~

8  ♖  .  ♗  ♕  ♔  .  .  ♖ 
7  ♙  ♙  ♙  ♙  .  ♙  ♙  ♙ 
6  .  .  ♘  .  .  ♘  .  . 
5  .  .  ♗  .  ♙  .  .  . 
4  .  .  ♝  ♟  ♟  .  .  . 
3  .  .  ♟  .  .  ♞  .  . 
2  ♟  ♟  .  .  .  ♟  ♟  ♟ 
1  ♜  ♞  ♝  ♛  ♚  .  .  ♜ 
   A  B  C  D  E  F  G  H 
Trait : Blanc
Adversaire : Noir

~~~ Affichage avec couleurs sans argument optionnel ~~~

8 [106m [30m♜ [44m   [106m [30m♝ [44m [30m♛ [106m [30m♚ [44m   [106m   [44m [30m♜ [0m
7 [44m [30m♟ [106m [30m♟ [44m [30m♟ [106m [30m♟ [44m   [106m [30m♟ [44m [30m♟ [106m [30m♟ [0m
6 [106m   [44m   [106m [30m♞ [44m   [106m   [44m [30m♞ [106m   [44m   [0m
5 [44m   [106m   [44m [30m♝ [106m   [44m [30m♟ [106m   [44m   [106m   [0m
4 [106m   [44m   [106m [97m♝ [44m [97m♟ [106m [97m♟ [44m   [106m   [44m   [0m
3 [44m   [106m   [44m [97m♟ [106m   [44m   [106m [97m♞ [44m   [106m   [0m
2 [106m [97m♟ [44m [97m♟ [106m   [44m   [106m   [44m [97m♟ [106m [97m♟ [44m [97m♟ [0m
1 [44m [97m♜ [106m [97m♞ [44m [97m♝ [106m [97m♛ [44m [97m♚ [106m   [44m   [106m [97m♜ [0m
   A  B  C  D  E  F  G  H 
Trait : Blanc
Adversaire : Noir

~~~ Affichage avec couleurs avec argument optionnel ~~~

8 [106m [30m♜ [44m   [106m [30m♝ [44m [30m♛ [106m [30m♚ [44m   [106m   [44m [30m♜ [0m
7 [44m [30m♟ [106m [30m♟ [44m [30m♟ [106m [30m♟ [44m   [106m [30m♟ [44m [30m♟ [106m [30m♟ [0m
6 [106m   [44m   [106m [30m♞ [44m   [106m   [44m [30m♞ [106m   [44m   [0m
5 [44m   [106m   [44m [30m♝ [106m   [44m [30m♟ [106m   [44m   [106m   [0m
4 [106m   [44m   [106m [97m♝ [44m [97m♟ [106m [97m♟ [44m   [106m   [44m   [0m
3 [44m   [106m   [44m [97m♟ [106m   [44m   [106m [97m♞ [44m   [106m   [0m
2 [106m [97m♟ [44m [97m♟ [106m   [44m   [106m   [44m [97m♟ [106m [97m♟ [44m [97m♟ [0m
1 [44m [97m♜ [106m [97m♞ [44m [97m♝ [106m [97m♛ [44m [97m♚ [106m   [44m   [106m [97m♜ [0m
   A  B  C  D  E  F  G  H 
Trait : Blanc
Adversaire : Noir
